freepik_com/pins-of-maps/airplane.svg
freepik_com/pins-of-maps/airport8.svg
freepik_com/pins-of-maps/anchor1.svg
freepik_com/pins-of-maps/bag.svg
freepik_com/pins-of-maps/bag1.svg
freepik_com/pins-of-maps/baggage27.svg
freepik_com/pins-of-maps/balloon17.svg
freepik_com/pins-of-maps/bank18.svg
freepik_com/pins-of-maps/banking4.svg
freepik_com/pins-of-maps/bar.svg
freepik_com/pins-of-maps/barefoot.svg
freepik_com/pins-of-maps/bathroom25.svg
freepik_com/pins-of-maps/beach.svg
freepik_com/pins-of-maps/beach17.svg
freepik_com/pins-of-maps/beach18.svg
freepik_com/pins-of-maps/bicycle1.svg
freepik_com/pins-of-maps/bicycle22.svg
freepik_com/pins-of-maps/bicycles.svg
freepik_com/pins-of-maps/book265.svg
freepik_com/pins-of-maps/building101.svg
freepik_com/pins-of-maps/building102.svg
freepik_com/pins-of-maps/building103.svg
freepik_com/pins-of-maps/bus-stop.svg
freepik_com/pins-of-maps/bus4.svg
freepik_com/pins-of-maps/bus5.svg
freepik_com/pins-of-maps/cabinet9.svg
freepik_com/pins-of-maps/camping11.svg
freepik_com/pins-of-maps/camping12.svg
freepik_com/pins-of-maps/camping13.svg
freepik_com/pins-of-maps/caravan.svg
freepik_com/pins-of-maps/caravan2.svg
freepik_com/pins-of-maps/cart13.svg
freepik_com/pins-of-maps/cathedral2.svg
freepik_com/pins-of-maps/church1.svg
freepik_com/pins-of-maps/church15.svg
freepik_com/pins-of-maps/church16.svg
freepik_com/pins-of-maps/church17.svg
freepik_com/pins-of-maps/church18.svg
freepik_com/pins-of-maps/club4.svg
freepik_com/pins-of-maps/coffee-shop1.svg
freepik_com/pins-of-maps/coffee-shop2.svg
freepik_com/pins-of-maps/coffee127.svg
freepik_com/pins-of-maps/college2.svg
freepik_com/pins-of-maps/disability3.svg
freepik_com/pins-of-maps/disabled.svg
freepik_com/pins-of-maps/dog.svg
freepik_com/pins-of-maps/dog97.svg
freepik_com/pins-of-maps/drink97.svg
freepik_com/pins-of-maps/fast-food11.svg
freepik_com/pins-of-maps/favourite28.svg
freepik_com/pins-of-maps/feet7.svg
freepik_com/pins-of-maps/flag5.svg
freepik_com/pins-of-maps/flag95.svg
freepik_com/pins-of-maps/football-ball.svg
freepik_com/pins-of-maps/football1.svg
freepik_com/pins-of-maps/footprint.svg
freepik_com/pins-of-maps/forest1.svg
freepik_com/pins-of-maps/gas-station1.svg
freepik_com/pins-of-maps/gift-shop.svg
freepik_com/pins-of-maps/giftbox58.svg
freepik_com/pins-of-maps/gondola.svg
freepik_com/pins-of-maps/gondola1.svg
freepik_com/pins-of-maps/gps34.svg
freepik_com/pins-of-maps/gps35.svg
freepik_com/pins-of-maps/gps36.svg
freepik_com/pins-of-maps/gps37.svg
freepik_com/pins-of-maps/gps40.svg
freepik_com/pins-of-maps/gps41.svg
freepik_com/pins-of-maps/gps42.svg
freepik_com/pins-of-maps/gps43.svg
freepik_com/pins-of-maps/gps5.svg
freepik_com/pins-of-maps/hamburger12.svg
freepik_com/pins-of-maps/hospital.svg
freepik_com/pins-of-maps/hospital26.svg
freepik_com/pins-of-maps/hot-air-balloon1.svg
freepik_com/pins-of-maps/hot-air-balloon2.svg
freepik_com/pins-of-maps/hotel1.svg
freepik_com/pins-of-maps/information78.svg
freepik_com/pins-of-maps/information79.svg
freepik_com/pins-of-maps/information80.svg
freepik_com/pins-of-maps/letter112.svg
freepik_com/pins-of-maps/library20.svg
freepik_com/pins-of-maps/library21.svg
freepik_com/pins-of-maps/location4.svg
freepik_com/pins-of-maps/location6.svg
freepik_com/pins-of-maps/luggage12.svg
freepik_com/pins-of-maps/luggage13.svg
freepik_com/pins-of-maps/map-pointer7.svg
freepik_com/pins-of-maps/map-pointer8.svg
freepik_com/pins-of-maps/map-pointer9.svg
freepik_com/pins-of-maps/money-bag3.svg
freepik_com/pins-of-maps/monument.svg
freepik_com/pins-of-maps/monument1.svg
freepik_com/pins-of-maps/mountain41.svg
freepik_com/pins-of-maps/mountain42.svg
freepik_com/pins-of-maps/mountains.svg
freepik_com/pins-of-maps/museum2.svg
freepik_com/pins-of-maps/museum35.svg
freepik_com/pins-of-maps/museum36.svg
freepik_com/pins-of-maps/palm-tree2.svg
freepik_com/pins-of-maps/park11.svg
freepik_com/pins-of-maps/park12.svg
freepik_com/pins-of-maps/parking-sign.svg
freepik_com/pins-of-maps/parking28.svg
freepik_com/pins-of-maps/petrol-station.svg
freepik_com/pins-of-maps/pharmacy.svg
freepik_com/pins-of-maps/pharmacy17.svg
freepik_com/pins-of-maps/pharmacy18.svg
freepik_com/pins-of-maps/pharmacy19.svg
freepik_com/pins-of-maps/phone12.svg
freepik_com/pins-of-maps/pin10.svg
freepik_com/pins-of-maps/pin63.svg
freepik_com/pins-of-maps/pin64.svg
freepik_com/pins-of-maps/pin65.svg
freepik_com/pins-of-maps/pin68.svg
freepik_com/pins-of-maps/pin69.svg
freepik_com/pins-of-maps/police-station.svg
freepik_com/pins-of-maps/police-station1.svg
freepik_com/pins-of-maps/police31.svg
freepik_com/pins-of-maps/port2.svg
freepik_com/pins-of-maps/port3.svg
freepik_com/pins-of-maps/present32.svg
freepik_com/pins-of-maps/rest-area.svg
freepik_com/pins-of-maps/rest-area1.svg
freepik_com/pins-of-maps/restaurant2.svg
freepik_com/pins-of-maps/restaurant51.svg
freepik_com/pins-of-maps/restaurant52.svg
freepik_com/pins-of-maps/road-sign1.svg
freepik_com/pins-of-maps/road2.svg
freepik_com/pins-of-maps/road51.svg
freepik_com/pins-of-maps/sailboat.svg
freepik_com/pins-of-maps/sailing-boat1.svg
freepik_com/pins-of-maps/sailing-boat2.svg
freepik_com/pins-of-maps/shopping-bag.svg
freepik_com/pins-of-maps/ski.svg
freepik_com/pins-of-maps/ski1.svg
freepik_com/pins-of-maps/ski8.svg
freepik_com/pins-of-maps/soccer-ball2.svg
freepik_com/pins-of-maps/star205.svg
freepik_com/pins-of-maps/stars15.svg
freepik_com/pins-of-maps/suitcase55.svg
freepik_com/pins-of-maps/swimming25.svg
freepik_com/pins-of-maps/swimming26.svg
freepik_com/pins-of-maps/telephone119.svg
freepik_com/pins-of-maps/telephone121.svg
freepik_com/pins-of-maps/toilet15.svg
freepik_com/pins-of-maps/toilets2.svg
freepik_com/pins-of-maps/trailer1.svg
freepik_com/pins-of-maps/train-station.svg
freepik_com/pins-of-maps/train1.svg
freepik_com/pins-of-maps/train2.svg
freepik_com/pins-of-maps/university2.svg
freepik_com/pins-of-maps/university20.svg
freepik_com/pins-of-maps/warning.svg
freepik_com/pins-of-maps/warning1.svg
freepik_com/pins-of-maps/warning2.svg
freepik_com/pins-of-maps/wifi10.svg
freepik_com/pins-of-maps/wifi104.svg
freepik_com/pins-of-maps/wifi8.svg
