mapzone_maki/aerialway-24.svg
mapzone_maki/airfield-24.svg
mapzone_maki/airport-24.svg
mapzone_maki/alcohol-shop-24.svg
mapzone_maki/america-football-24.svg
mapzone_maki/art-gallery-24.svg
mapzone_maki/bakery-24.svg
mapzone_maki/bank-24.svg
mapzone_maki/bar-24.svg
mapzone_maki/baseball-24.svg
mapzone_maki/basketball-24.svg
mapzone_maki/beer-24.svg
mapzone_maki/bicycle-24.svg
mapzone_maki/building-24.svg
mapzone_maki/bus-24.svg
mapzone_maki/cafe-24.svg
mapzone_maki/camera-24.svg
mapzone_maki/campsite-24.svg
mapzone_maki/car-24.svg
mapzone_maki/cemetery-24.svg
mapzone_maki/chemist-24.svg
mapzone_maki/cinema-24.svg
mapzone_maki/circle-24.svg
mapzone_maki/circle-stroked-24.svg
mapzone_maki/city-24.svg
mapzone_maki/clothing-store-24.svg
mapzone_maki/college-24.svg
mapzone_maki/commercial-24.svg
mapzone_maki/cricket-24.svg
mapzone_maki/cross-24.svg
mapzone_maki/dam-24.svg
mapzone_maki/danger-24.svg
mapzone_maki/dentist-24.svg
mapzone_maki/disability-24.svg
mapzone_maki/dog-park-24.svg
mapzone_maki/embassy-24.svg
mapzone_maki/emergency-telephone-24.svg
mapzone_maki/entrance-24.svg
mapzone_maki/farm-24.svg
mapzone_maki/fast-food-24.svg
mapzone_maki/ferry-24.svg
mapzone_maki/fire-station-24.svg
mapzone_maki/fuel-24.svg
mapzone_maki/garden-24.svg
mapzone_maki/gift-24.svg
mapzone_maki/golf-24.svg
mapzone_maki/grocery-24.svg
mapzone_maki/hairdresser-24.svg
mapzone_maki/harbor-24.svg
mapzone_maki/heart-24.svg
mapzone_maki/heliport-24.svg
mapzone_maki/hospital-24.svg
mapzone_maki/ice-cream-24.svg
mapzone_maki/industrial-24.svg
mapzone_maki/land-use-24.svg
mapzone_maki/laundry-24.svg
mapzone_maki/library-24.svg
mapzone_maki/lighthouse-24.svg
mapzone_maki/lodging-24.svg
mapzone_maki/logging-24.svg
mapzone_maki/london-underground-24.svg
mapzone_maki/marker-24.svg
mapzone_maki/marker-stroked-24.svg
mapzone_maki/minefield-24.svg
mapzone_maki/mobilephone-24.svg
mapzone_maki/monument-24.svg
mapzone_maki/museum-24.svg
mapzone_maki/music-24.svg
mapzone_maki/oil-well-24.svg
mapzone_maki/park-24.svg
mapzone_maki/park2-24.svg
mapzone_maki/parking-24.svg
mapzone_maki/parking-garage-24.svg
mapzone_maki/pharmacy-24.svg
mapzone_maki/pitch-24.svg
mapzone_maki/place-of-worship-24.svg
mapzone_maki/playground-24.svg
mapzone_maki/police-24.svg
mapzone_maki/polling-place-24.svg
mapzone_maki/post-24.svg
mapzone_maki/prison-24.svg
mapzone_maki/rail-24.svg
mapzone_maki/rail-above-24.svg
mapzone_maki/rail-light-24.svg
mapzone_maki/rail-metro-24.svg
mapzone_maki/rail-underground-24.svg
mapzone_maki/religious-christian-24.svg
mapzone_maki/religious-jewish-24.svg
mapzone_maki/religious-muslim-24.svg
mapzone_maki/restaurant-24.svg
mapzone_maki/roadblock-24.svg
mapzone_maki/rocket-24.svg
mapzone_maki/school-24.svg
mapzone_maki/scooter-24.svg
mapzone_maki/shop-24.svg
mapzone_maki/skiing-24.svg
mapzone_maki/slaughterhouse-24.svg
mapzone_maki/soccer-24.svg
mapzone_maki/square-24.svg
mapzone_maki/square-stroked-24.svg
mapzone_maki/star-24.svg
mapzone_maki/star-stroked-24.svg
mapzone_maki/suitcase-24.svg
mapzone_maki/swimming-24.svg
mapzone_maki/telephone-24.svg
mapzone_maki/tennis-24.svg
mapzone_maki/theatre-24.svg
mapzone_maki/toilets-24.svg
mapzone_maki/town-24.svg
mapzone_maki/town-hall-24.svg
mapzone_maki/triangle-24.svg
mapzone_maki/triangle-stroked-24.svg
mapzone_maki/village-24.svg
mapzone_maki/warehouse-24.svg
mapzone_maki/waste-basket-24.svg
mapzone_maki/water-24.svg
mapzone_maki/wetland-24.svg
mapzone_maki/zoo-24.svg
