freepik_com/simpleicon-places/beach3.svg
freepik_com/simpleicon-places/beach4.svg
freepik_com/simpleicon-places/boat12.svg
freepik_com/simpleicon-places/building21.svg
freepik_com/simpleicon-places/building22.svg
freepik_com/simpleicon-places/building23.svg
freepik_com/simpleicon-places/building24.svg
freepik_com/simpleicon-places/buildings5.svg
freepik_com/simpleicon-places/castle7.svg
freepik_com/simpleicon-places/church7.svg
freepik_com/simpleicon-places/coconut5.svg
freepik_com/simpleicon-places/compass44.svg
freepik_com/simpleicon-places/compass45.svg
freepik_com/simpleicon-places/compass46.svg
freepik_com/simpleicon-places/compass47.svg
freepik_com/simpleicon-places/compass49.svg
freepik_com/simpleicon-places/compass50.svg
freepik_com/simpleicon-places/factory7.svg
freepik_com/simpleicon-places/factory8.svg
freepik_com/simpleicon-places/flag31.svg
freepik_com/simpleicon-places/flag32.svg
freepik_com/simpleicon-places/heart206.svg
freepik_com/simpleicon-places/map35.svg
freepik_com/simpleicon-places/map36.svg
freepik_com/simpleicon-places/map37.svg
freepik_com/simpleicon-places/map38.svg
freepik_com/simpleicon-places/map39.svg
freepik_com/simpleicon-places/map40.svg
freepik_com/simpleicon-places/map41.svg
freepik_com/simpleicon-places/map42.svg
freepik_com/simpleicon-places/map43.svg
freepik_com/simpleicon-places/map44.svg
freepik_com/simpleicon-places/map45.svg
freepik_com/simpleicon-places/map46.svg
freepik_com/simpleicon-places/map47.svg
freepik_com/simpleicon-places/map48.svg
freepik_com/simpleicon-places/map49.svg
freepik_com/simpleicon-places/map50.svg
freepik_com/simpleicon-places/map51.svg
freepik_com/simpleicon-places/map52.svg
freepik_com/simpleicon-places/map53.svg
freepik_com/simpleicon-places/map54.svg
freepik_com/simpleicon-places/map55.svg
freepik_com/simpleicon-places/map56.svg
freepik_com/simpleicon-places/map57.svg
freepik_com/simpleicon-places/map58.svg
freepik_com/simpleicon-places/map59.svg
freepik_com/simpleicon-places/map60.svg
freepik_com/simpleicon-places/palm9.svg
freepik_com/simpleicon-places/placeholder4.svg
freepik_com/simpleicon-places/sailboat5.svg
freepik_com/simpleicon-places/sunbathing.svg
freepik_com/simpleicon-places/sunbathing1.svg
freepik_com/simpleicon-places/tower15.svg
freepik_com/simpleicon-places/town.svg
